pages/Admin.tsx(921,53): error TS2322: Type 'unknown' is not assignable to type 'string'.
pages/Admin.tsx(922,43): error TS2322: Type 'unknown' is not assignable to type 'string'.
